C:\Users\FIRST CALL\Downloads\test-update-master\test-update-master\src\main\java\de\rwth\idsg\steve\Application.java
C:\Users\FIRST CALL\Downloads\test-update-master\test-update-master\src\main\java\de\rwth\idsg\steve\ApplicationProfile.java
C:\Users\FIRST CALL\Downloads\test-update-master\test-update-master\src\main\java\de\rwth\idsg\steve\ApplicationStarter.java
C:\Users\FIRST CALL\Downloads\test-update-master\test-update-master\src\main\java\de\rwth\idsg\steve\config\ApiDocsConfiguration.java
C:\Users\FIRST CALL\Downloads\test-update-master\test-update-master\src\main\java\de\rwth\idsg\steve\config\BeanConfiguration.java
C:\Users\FIRST CALL\Downloads\test-update-master\test-update-master\src\main\java\de\rwth\idsg\steve\config\LoginSuccessHandler.java
C:\Users\FIRST CALL\Downloads\test-update-master\test-update-master\src\main\java\de\rwth\idsg\steve\config\LogoutHandler.java
C:\Users\FIRST CALL\Downloads\test-update-master\test-update-master\src\main\java\de\rwth\idsg\steve\config\OcppConfiguration.java
C:\Users\FIRST CALL\Downloads\test-update-master\test-update-master\src\main\java\de\rwth\idsg\steve\config\SecurityConfiguration.java
C:\Users\FIRST CALL\Downloads\test-update-master\test-update-master\src\main\java\de\rwth\idsg\steve\config\SessionAuditListener.java
C:\Users\FIRST CALL\Downloads\test-update-master\test-update-master\src\main\java\de\rwth\idsg\steve\config\SessionAuditService.java
C:\Users\FIRST CALL\Downloads\test-update-master\test-update-master\src\main\java\de\rwth\idsg\steve\config\SpringContext.java
C:\Users\FIRST CALL\Downloads\test-update-master\test-update-master\src\main\java\de\rwth\idsg\steve\config\WebSocketConfiguration.java
C:\Users\FIRST CALL\Downloads\test-update-master\test-update-master\src\main\java\de\rwth\idsg\steve\exception\GlobalExceptionHandler.java
C:\Users\FIRST CALL\Downloads\test-update-master\test-update-master\src\main\java\de\rwth\idsg\steve\exception\RemoteStartException.java
C:\Users\FIRST CALL\Downloads\test-update-master\test-update-master\src\main\java\de\rwth\idsg\steve\externalconfig\CheckIsSessionClosedTransaction.java
C:\Users\FIRST CALL\Downloads\test-update-master\test-update-master\src\main\java\de\rwth\idsg\steve\externalconfig\JacksonConfig.java
C:\Users\FIRST CALL\Downloads\test-update-master\test-update-master\src\main\java\de\rwth\idsg\steve\externalconfig\RestTemplateConfig.java
C:\Users\FIRST CALL\Downloads\test-update-master\test-update-master\src\main\java\de\rwth\idsg\steve\externalconfig\ScheduledChargingMessages.java
C:\Users\FIRST CALL\Downloads\test-update-master\test-update-master\src\main\java\de\rwth\idsg\steve\externalconfig\WalletResponse.java
C:\Users\FIRST CALL\Downloads\test-update-master\test-update-master\src\main\java\de\rwth\idsg\steve\JettyServer.java
C:\Users\FIRST CALL\Downloads\test-update-master\test-update-master\src\main\java\de\rwth\idsg\steve\NotificationFeature.java
C:\Users\FIRST CALL\Downloads\test-update-master\test-update-master\src\main\java\de\rwth\idsg\steve\ocpp\ChargePointService12_Invoker.java
C:\Users\FIRST CALL\Downloads\test-update-master\test-update-master\src\main\java\de\rwth\idsg\steve\ocpp\ChargePointService12_InvokerImpl.java
C:\Users\FIRST CALL\Downloads\test-update-master\test-update-master\src\main\java\de\rwth\idsg\steve\ocpp\ChargePointService15_Invoker.java
C:\Users\FIRST CALL\Downloads\test-update-master\test-update-master\src\main\java\de\rwth\idsg\steve\ocpp\ChargePointService15_InvokerImpl.java
C:\Users\FIRST CALL\Downloads\test-update-master\test-update-master\src\main\java\de\rwth\idsg\steve\ocpp\ChargePointService16_Invoker.java
C:\Users\FIRST CALL\Downloads\test-update-master\test-update-master\src\main\java\de\rwth\idsg\steve\ocpp\ChargePointService16_InvokerImpl.java
C:\Users\FIRST CALL\Downloads\test-update-master\test-update-master\src\main\java\de\rwth\idsg\steve\ocpp\CommunicationTask.java
C:\Users\FIRST CALL\Downloads\test-update-master\test-update-master\src\main\java\de\rwth\idsg\steve\ocpp\converter\Convert.java
C:\Users\FIRST CALL\Downloads\test-update-master\test-update-master\src\main\java\de\rwth\idsg\steve\ocpp\converter\Server12to15.java
C:\Users\FIRST CALL\Downloads\test-update-master\test-update-master\src\main\java\de\rwth\idsg\steve\ocpp\converter\Server12to15Impl.java
C:\Users\FIRST CALL\Downloads\test-update-master\test-update-master\src\main\java\de\rwth\idsg\steve\ocpp\converter\Server15to16.java
C:\Users\FIRST CALL\Downloads\test-update-master\test-update-master\src\main\java\de\rwth\idsg\steve\ocpp\converter\Server15to16Impl.java
C:\Users\FIRST CALL\Downloads\test-update-master\test-update-master\src\main\java\de\rwth\idsg\steve\ocpp\Ocpp15AndAboveTask.java
C:\Users\FIRST CALL\Downloads\test-update-master\test-update-master\src\main\java\de\rwth\idsg\steve\ocpp\Ocpp16AndAboveTask.java
C:\Users\FIRST CALL\Downloads\test-update-master\test-update-master\src\main\java\de\rwth\idsg\steve\ocpp\OcppCallback.java
C:\Users\FIRST CALL\Downloads\test-update-master\test-update-master\src\main\java\de\rwth\idsg\steve\ocpp\OcppProtocol.java
C:\Users\FIRST CALL\Downloads\test-update-master\test-update-master\src\main\java\de\rwth\idsg\steve\ocpp\OcppTransport.java
C:\Users\FIRST CALL\Downloads\test-update-master\test-update-master\src\main\java\de\rwth\idsg\steve\ocpp\OcppVersion.java
C:\Users\FIRST CALL\Downloads\test-update-master\test-update-master\src\main\java\de\rwth\idsg\steve\ocpp\RequestResult.java
C:\Users\FIRST CALL\Downloads\test-update-master\test-update-master\src\main\java\de\rwth\idsg\steve\ocpp\soap\CentralSystemService12_SoapServer.java
C:\Users\FIRST CALL\Downloads\test-update-master\test-update-master\src\main\java\de\rwth\idsg\steve\ocpp\soap\CentralSystemService15_SoapServer.java
C:\Users\FIRST CALL\Downloads\test-update-master\test-update-master\src\main\java\de\rwth\idsg\steve\ocpp\soap\CentralSystemService16_SoapServer.java
C:\Users\FIRST CALL\Downloads\test-update-master\test-update-master\src\main\java\de\rwth\idsg\steve\ocpp\soap\ClientProvider.java
C:\Users\FIRST CALL\Downloads\test-update-master\test-update-master\src\main\java\de\rwth\idsg\steve\ocpp\soap\ClientProviderWithCache.java
C:\Users\FIRST CALL\Downloads\test-update-master\test-update-master\src\main\java\de\rwth\idsg\steve\ocpp\soap\LoggingFeatureProxy.java
C:\Users\FIRST CALL\Downloads\test-update-master\test-update-master\src\main\java\de\rwth\idsg\steve\ocpp\soap\MediatorInInterceptor.java
C:\Users\FIRST CALL\Downloads\test-update-master\test-update-master\src\main\java\de\rwth\idsg\steve\ocpp\soap\MessageHeaderInterceptor.java
C:\Users\FIRST CALL\Downloads\test-update-master\test-update-master\src\main\java\de\rwth\idsg\steve\ocpp\soap\MessageIdInterceptor.java
C:\Users\FIRST CALL\Downloads\test-update-master\test-update-master\src\main\java\de\rwth\idsg\steve\ocpp\task\CancelReservationTask.java
C:\Users\FIRST CALL\Downloads\test-update-master\test-update-master\src\main\java\de\rwth\idsg\steve\ocpp\task\ChangeAvailabilityTask.java
C:\Users\FIRST CALL\Downloads\test-update-master\test-update-master\src\main\java\de\rwth\idsg\steve\ocpp\task\ChangeConfigurationTask.java
C:\Users\FIRST CALL\Downloads\test-update-master\test-update-master\src\main\java\de\rwth\idsg\steve\ocpp\task\ClearCacheTask.java
C:\Users\FIRST CALL\Downloads\test-update-master\test-update-master\src\main\java\de\rwth\idsg\steve\ocpp\task\ClearChargingProfileTask.java
C:\Users\FIRST CALL\Downloads\test-update-master\test-update-master\src\main\java\de\rwth\idsg\steve\ocpp\task\DataTransferTask.java
C:\Users\FIRST CALL\Downloads\test-update-master\test-update-master\src\main\java\de\rwth\idsg\steve\ocpp\task\GetCompositeScheduleTask.java
C:\Users\FIRST CALL\Downloads\test-update-master\test-update-master\src\main\java\de\rwth\idsg\steve\ocpp\task\GetConfigurationTask.java
C:\Users\FIRST CALL\Downloads\test-update-master\test-update-master\src\main\java\de\rwth\idsg\steve\ocpp\task\GetDiagnosticsTask.java
C:\Users\FIRST CALL\Downloads\test-update-master\test-update-master\src\main\java\de\rwth\idsg\steve\ocpp\task\GetLocalListVersionTask.java
C:\Users\FIRST CALL\Downloads\test-update-master\test-update-master\src\main\java\de\rwth\idsg\steve\ocpp\task\RemoteStartTransactionTask.java
C:\Users\FIRST CALL\Downloads\test-update-master\test-update-master\src\main\java\de\rwth\idsg\steve\ocpp\task\RemoteStopTransactionTask.java
C:\Users\FIRST CALL\Downloads\test-update-master\test-update-master\src\main\java\de\rwth\idsg\steve\ocpp\task\ReserveNowTask.java
C:\Users\FIRST CALL\Downloads\test-update-master\test-update-master\src\main\java\de\rwth\idsg\steve\ocpp\task\ResetTask.java
C:\Users\FIRST CALL\Downloads\test-update-master\test-update-master\src\main\java\de\rwth\idsg\steve\ocpp\task\SendLocalListTask.java
C:\Users\FIRST CALL\Downloads\test-update-master\test-update-master\src\main\java\de\rwth\idsg\steve\ocpp\task\SetChargingProfileTask.java
C:\Users\FIRST CALL\Downloads\test-update-master\test-update-master\src\main\java\de\rwth\idsg\steve\ocpp\task\TriggerMessageTask.java
C:\Users\FIRST CALL\Downloads\test-update-master\test-update-master\src\main\java\de\rwth\idsg\steve\ocpp\task\UnlockConnectorTask.java
C:\Users\FIRST CALL\Downloads\test-update-master\test-update-master\src\main\java\de\rwth\idsg\steve\ocpp\task\UpdateFirmwareTask.java
C:\Users\FIRST CALL\Downloads\test-update-master\test-update-master\src\main\java\de\rwth\idsg\steve\ocpp\TaskOrigin.java
C:\Users\FIRST CALL\Downloads\test-update-master\test-update-master\src\main\java\de\rwth\idsg\steve\ocpp\ws\AbstractTypeStore.java
C:\Users\FIRST CALL\Downloads\test-update-master\test-update-master\src\main\java\de\rwth\idsg\steve\ocpp\ws\AbstractWebSocketEndpoint.java
C:\Users\FIRST CALL\Downloads\test-update-master\test-update-master\src\main\java\de\rwth\idsg\steve\ocpp\ws\ChargePointServiceInvoker.java
C:\Users\FIRST CALL\Downloads\test-update-master\test-update-master\src\main\java\de\rwth\idsg\steve\ocpp\ws\ConcurrentWebSocketHandler.java
C:\Users\FIRST CALL\Downloads\test-update-master\test-update-master\src\main\java\de\rwth\idsg\steve\ocpp\ws\custom\CustomStringModule.java
C:\Users\FIRST CALL\Downloads\test-update-master\test-update-master\src\main\java\de\rwth\idsg\steve\ocpp\ws\custom\EnumMixin.java
C:\Users\FIRST CALL\Downloads\test-update-master\test-update-master\src\main\java\de\rwth\idsg\steve\ocpp\ws\custom\EnumProcessor.java
C:\Users\FIRST CALL\Downloads\test-update-master\test-update-master\src\main\java\de\rwth\idsg\steve\ocpp\ws\custom\MeterValue15Deserializer.java
C:\Users\FIRST CALL\Downloads\test-update-master\test-update-master\src\main\java\de\rwth\idsg\steve\ocpp\ws\custom\MeterValue15Mixin.java
C:\Users\FIRST CALL\Downloads\test-update-master\test-update-master\src\main\java\de\rwth\idsg\steve\ocpp\ws\custom\WsSessionSelectStrategy.java
C:\Users\FIRST CALL\Downloads\test-update-master\test-update-master\src\main\java\de\rwth\idsg\steve\ocpp\ws\custom\WsSessionSelectStrategyEnum.java
C:\Users\FIRST CALL\Downloads\test-update-master\test-update-master\src\main\java\de\rwth\idsg\steve\ocpp\ws\data\ActionResponsePair.java
C:\Users\FIRST CALL\Downloads\test-update-master\test-update-master\src\main\java\de\rwth\idsg\steve\ocpp\ws\data\CommunicationContext.java
C:\Users\FIRST CALL\Downloads\test-update-master\test-update-master\src\main\java\de\rwth\idsg\steve\ocpp\ws\data\ErrorCode.java
C:\Users\FIRST CALL\Downloads\test-update-master\test-update-master\src\main\java\de\rwth\idsg\steve\ocpp\ws\data\FutureResponseContext.java
C:\Users\FIRST CALL\Downloads\test-update-master\test-update-master\src\main\java\de\rwth\idsg\steve\ocpp\ws\data\MessageType.java
C:\Users\FIRST CALL\Downloads\test-update-master\test-update-master\src\main\java\de\rwth\idsg\steve\ocpp\ws\data\OcppJsonCall.java
C:\Users\FIRST CALL\Downloads\test-update-master\test-update-master\src\main\java\de\rwth\idsg\steve\ocpp\ws\data\OcppJsonError.java
C:\Users\FIRST CALL\Downloads\test-update-master\test-update-master\src\main\java\de\rwth\idsg\steve\ocpp\ws\data\OcppJsonMessage.java
C:\Users\FIRST CALL\Downloads\test-update-master\test-update-master\src\main\java\de\rwth\idsg\steve\ocpp\ws\data\OcppJsonResponse.java
C:\Users\FIRST CALL\Downloads\test-update-master\test-update-master\src\main\java\de\rwth\idsg\steve\ocpp\ws\data\OcppJsonResult.java
C:\Users\FIRST CALL\Downloads\test-update-master\test-update-master\src\main\java\de\rwth\idsg\steve\ocpp\ws\data\SessionContext.java
C:\Users\FIRST CALL\Downloads\test-update-master\test-update-master\src\main\java\de\rwth\idsg\steve\ocpp\ws\ErrorFactory.java
C:\Users\FIRST CALL\Downloads\test-update-master\test-update-master\src\main\java\de\rwth\idsg\steve\ocpp\ws\FutureResponseContextStore.java
C:\Users\FIRST CALL\Downloads\test-update-master\test-update-master\src\main\java\de\rwth\idsg\steve\ocpp\ws\JsonObjectMapper.java
C:\Users\FIRST CALL\Downloads\test-update-master\test-update-master\src\main\java\de\rwth\idsg\steve\ocpp\ws\ocpp12\Ocpp12JacksonModule.java
C:\Users\FIRST CALL\Downloads\test-update-master\test-update-master\src\main\java\de\rwth\idsg\steve\ocpp\ws\ocpp12\Ocpp12TypeStore.java
C:\Users\FIRST CALL\Downloads\test-update-master\test-update-master\src\main\java\de\rwth\idsg\steve\ocpp\ws\ocpp12\Ocpp12WebSocketEndpoint.java
C:\Users\FIRST CALL\Downloads\test-update-master\test-update-master\src\main\java\de\rwth\idsg\steve\ocpp\ws\ocpp15\Ocpp15JacksonModule.java
C:\Users\FIRST CALL\Downloads\test-update-master\test-update-master\src\main\java\de\rwth\idsg\steve\ocpp\ws\ocpp15\Ocpp15TypeStore.java
C:\Users\FIRST CALL\Downloads\test-update-master\test-update-master\src\main\java\de\rwth\idsg\steve\ocpp\ws\ocpp15\Ocpp15WebSocketEndpoint.java
C:\Users\FIRST CALL\Downloads\test-update-master\test-update-master\src\main\java\de\rwth\idsg\steve\ocpp\ws\ocpp16\Ocpp16JacksonModule.java
C:\Users\FIRST CALL\Downloads\test-update-master\test-update-master\src\main\java\de\rwth\idsg\steve\ocpp\ws\ocpp16\Ocpp16TypeStore.java
C:\Users\FIRST CALL\Downloads\test-update-master\test-update-master\src\main\java\de\rwth\idsg\steve\ocpp\ws\ocpp16\Ocpp16WebSocketEndpoint.java
C:\Users\FIRST CALL\Downloads\test-update-master\test-update-master\src\main\java\de\rwth\idsg\steve\ocpp\ws\OcppWebSocketHandshakeHandler.java
C:\Users\FIRST CALL\Downloads\test-update-master\test-update-master\src\main\java\de\rwth\idsg\steve\ocpp\ws\PingTask.java
C:\Users\FIRST CALL\Downloads\test-update-master\test-update-master\src\main\java\de\rwth\idsg\steve\ocpp\ws\pipeline\AbstractCallHandler.java
C:\Users\FIRST CALL\Downloads\test-update-master\test-update-master\src\main\java\de\rwth\idsg\steve\ocpp\ws\pipeline\Deserializer.java
C:\Users\FIRST CALL\Downloads\test-update-master\test-update-master\src\main\java\de\rwth\idsg\steve\ocpp\ws\pipeline\IncomingPipeline.java
C:\Users\FIRST CALL\Downloads\test-update-master\test-update-master\src\main\java\de\rwth\idsg\steve\ocpp\ws\pipeline\OutgoingCallPipeline.java
C:\Users\FIRST CALL\Downloads\test-update-master\test-update-master\src\main\java\de\rwth\idsg\steve\ocpp\ws\pipeline\Sender.java
C:\Users\FIRST CALL\Downloads\test-update-master\test-update-master\src\main\java\de\rwth\idsg\steve\ocpp\ws\pipeline\Serializer.java
C:\Users\FIRST CALL\Downloads\test-update-master\test-update-master\src\main\java\de\rwth\idsg\steve\ocpp\ws\SessionContextStore.java
C:\Users\FIRST CALL\Downloads\test-update-master\test-update-master\src\main\java\de\rwth\idsg\steve\ocpp\ws\TypeStore.java
C:\Users\FIRST CALL\Downloads\test-update-master\test-update-master\src\main\java\de\rwth\idsg\steve\ocpp\ws\WebSocketLogger.java
C:\Users\FIRST CALL\Downloads\test-update-master\test-update-master\src\main\java\de\rwth\idsg\steve\repository\AddressRepository.java
C:\Users\FIRST CALL\Downloads\test-update-master\test-update-master\src\main\java\de\rwth\idsg\steve\repository\ChargePointRepository.java
C:\Users\FIRST CALL\Downloads\test-update-master\test-update-master\src\main\java\de\rwth\idsg\steve\repository\ChargingProfileRepository.java
C:\Users\FIRST CALL\Downloads\test-update-master\test-update-master\src\main\java\de\rwth\idsg\steve\repository\dto\ChargePoint.java
C:\Users\FIRST CALL\Downloads\test-update-master\test-update-master\src\main\java\de\rwth\idsg\steve\repository\dto\ChargePointSelect.java
C:\Users\FIRST CALL\Downloads\test-update-master\test-update-master\src\main\java\de\rwth\idsg\steve\repository\dto\ChargingProfile.java
C:\Users\FIRST CALL\Downloads\test-update-master\test-update-master\src\main\java\de\rwth\idsg\steve\repository\dto\ChargingProfileAssignment.java
C:\Users\FIRST CALL\Downloads\test-update-master\test-update-master\src\main\java\de\rwth\idsg\steve\repository\dto\ConnectorStatus.java
C:\Users\FIRST CALL\Downloads\test-update-master\test-update-master\src\main\java\de\rwth\idsg\steve\repository\dto\DbVersion.java
C:\Users\FIRST CALL\Downloads\test-update-master\test-update-master\src\main\java\de\rwth\idsg\steve\repository\dto\InsertConnectorStatusParams.java
C:\Users\FIRST CALL\Downloads\test-update-master\test-update-master\src\main\java\de\rwth\idsg\steve\repository\dto\InsertReservationParams.java
C:\Users\FIRST CALL\Downloads\test-update-master\test-update-master\src\main\java\de\rwth\idsg\steve\repository\dto\InsertTransactionParams.java
C:\Users\FIRST CALL\Downloads\test-update-master\test-update-master\src\main\java\de\rwth\idsg\steve\repository\dto\MailSettings.java
C:\Users\FIRST CALL\Downloads\test-update-master\test-update-master\src\main\java\de\rwth\idsg\steve\repository\dto\OcppTag.java
C:\Users\FIRST CALL\Downloads\test-update-master\test-update-master\src\main\java\de\rwth\idsg\steve\repository\dto\Reservation.java
C:\Users\FIRST CALL\Downloads\test-update-master\test-update-master\src\main\java\de\rwth\idsg\steve\repository\dto\TaskOverview.java
C:\Users\FIRST CALL\Downloads\test-update-master\test-update-master\src\main\java\de\rwth\idsg\steve\repository\dto\Transaction.java
C:\Users\FIRST CALL\Downloads\test-update-master\test-update-master\src\main\java\de\rwth\idsg\steve\repository\dto\TransactionDetails.java
C:\Users\FIRST CALL\Downloads\test-update-master\test-update-master\src\main\java\de\rwth\idsg\steve\repository\dto\TransactionStatusUpdate.java
C:\Users\FIRST CALL\Downloads\test-update-master\test-update-master\src\main\java\de\rwth\idsg\steve\repository\dto\UpdateChargeboxParams.java
C:\Users\FIRST CALL\Downloads\test-update-master\test-update-master\src\main\java\de\rwth\idsg\steve\repository\dto\UpdateTransactionParams.java
C:\Users\FIRST CALL\Downloads\test-update-master\test-update-master\src\main\java\de\rwth\idsg\steve\repository\dto\UpdateTransactionRequest.java
C:\Users\FIRST CALL\Downloads\test-update-master\test-update-master\src\main\java\de\rwth\idsg\steve\repository\dto\User.java
C:\Users\FIRST CALL\Downloads\test-update-master\test-update-master\src\main\java\de\rwth\idsg\steve\repository\GenericRepository.java
C:\Users\FIRST CALL\Downloads\test-update-master\test-update-master\src\main\java\de\rwth\idsg\steve\repository\impl\AddressRepositoryImpl.java
C:\Users\FIRST CALL\Downloads\test-update-master\test-update-master\src\main\java\de\rwth\idsg\steve\repository\impl\ChargePointRepositoryImpl.java
C:\Users\FIRST CALL\Downloads\test-update-master\test-update-master\src\main\java\de\rwth\idsg\steve\repository\impl\ChargingProfileRepositoryImpl.java
C:\Users\FIRST CALL\Downloads\test-update-master\test-update-master\src\main\java\de\rwth\idsg\steve\repository\impl\GenericRepositoryImpl.java
C:\Users\FIRST CALL\Downloads\test-update-master\test-update-master\src\main\java\de\rwth\idsg\steve\repository\impl\OcppServerRepositoryImpl.java
C:\Users\FIRST CALL\Downloads\test-update-master\test-update-master\src\main\java\de\rwth\idsg\steve\repository\impl\OcppTagRepositoryImpl.java
C:\Users\FIRST CALL\Downloads\test-update-master\test-update-master\src\main\java\de\rwth\idsg\steve\repository\impl\ReservationRepositoryImpl.java
C:\Users\FIRST CALL\Downloads\test-update-master\test-update-master\src\main\java\de\rwth\idsg\steve\repository\impl\SettingsRepositoryImpl.java
C:\Users\FIRST CALL\Downloads\test-update-master\test-update-master\src\main\java\de\rwth\idsg\steve\repository\impl\TaskStoreImpl.java
C:\Users\FIRST CALL\Downloads\test-update-master\test-update-master\src\main\java\de\rwth\idsg\steve\repository\impl\TransactionRepositoryImpl.java
C:\Users\FIRST CALL\Downloads\test-update-master\test-update-master\src\main\java\de\rwth\idsg\steve\repository\impl\UserRepositoryImpl.java
C:\Users\FIRST CALL\Downloads\test-update-master\test-update-master\src\main\java\de\rwth\idsg\steve\repository\JodaDateTimeConverter.java
C:\Users\FIRST CALL\Downloads\test-update-master\test-update-master\src\main\java\de\rwth\idsg\steve\repository\OcppServerRepository.java
C:\Users\FIRST CALL\Downloads\test-update-master\test-update-master\src\main\java\de\rwth\idsg\steve\repository\OcppTagRepository.java
C:\Users\FIRST CALL\Downloads\test-update-master\test-update-master\src\main\java\de\rwth\idsg\steve\repository\ReservationRepository.java
C:\Users\FIRST CALL\Downloads\test-update-master\test-update-master\src\main\java\de\rwth\idsg\steve\repository\ReservationStatus.java
C:\Users\FIRST CALL\Downloads\test-update-master\test-update-master\src\main\java\de\rwth\idsg\steve\repository\SettingsRepository.java
C:\Users\FIRST CALL\Downloads\test-update-master\test-update-master\src\main\java\de\rwth\idsg\steve\repository\TaskStore.java
C:\Users\FIRST CALL\Downloads\test-update-master\test-update-master\src\main\java\de\rwth\idsg\steve\repository\TransactionRepository.java
C:\Users\FIRST CALL\Downloads\test-update-master\test-update-master\src\main\java\de\rwth\idsg\steve\repository\UserRepository.java
C:\Users\FIRST CALL\Downloads\test-update-master\test-update-master\src\main\java\de\rwth\idsg\steve\repository\WebSocketLogRepository.java
C:\Users\FIRST CALL\Downloads\test-update-master\test-update-master\src\main\java\de\rwth\idsg\steve\service\AuthTagService.java
C:\Users\FIRST CALL\Downloads\test-update-master\test-update-master\src\main\java\de\rwth\idsg\steve\service\AuthTagServiceLocal.java
C:\Users\FIRST CALL\Downloads\test-update-master\test-update-master\src\main\java\de\rwth\idsg\steve\service\BackgroundService.java
C:\Users\FIRST CALL\Downloads\test-update-master\test-update-master\src\main\java\de\rwth\idsg\steve\service\CentralSystemService16_Service.java
C:\Users\FIRST CALL\Downloads\test-update-master\test-update-master\src\main\java\de\rwth\idsg\steve\service\ChargePointHelperService.java
C:\Users\FIRST CALL\Downloads\test-update-master\test-update-master\src\main\java\de\rwth\idsg\steve\service\ChargePointService12_Client.java
C:\Users\FIRST CALL\Downloads\test-update-master\test-update-master\src\main\java\de\rwth\idsg\steve\service\ChargePointService15_Client.java
C:\Users\FIRST CALL\Downloads\test-update-master\test-update-master\src\main\java\de\rwth\idsg\steve\service\ChargePointService16_Client.java
C:\Users\FIRST CALL\Downloads\test-update-master\test-update-master\src\main\java\de\rwth\idsg\steve\service\ChargerFeeExceptUserService.java
C:\Users\FIRST CALL\Downloads\test-update-master\test-update-master\src\main\java\de\rwth\idsg\steve\service\ChargerPointAvailableStatusService.java
C:\Users\FIRST CALL\Downloads\test-update-master\test-update-master\src\main\java\de\rwth\idsg\steve\service\ChargerStatusService.java
C:\Users\FIRST CALL\Downloads\test-update-master\test-update-master\src\main\java\de\rwth\idsg\steve\service\dto\ChargePointDTO.java
C:\Users\FIRST CALL\Downloads\test-update-master\test-update-master\src\main\java\de\rwth\idsg\steve\service\dto\ChargerStationDTO.java
C:\Users\FIRST CALL\Downloads\test-update-master\test-update-master\src\main\java\de\rwth\idsg\steve\service\dto\CityDTO.java
C:\Users\FIRST CALL\Downloads\test-update-master\test-update-master\src\main\java\de\rwth\idsg\steve\service\dto\Contents.java
C:\Users\FIRST CALL\Downloads\test-update-master\test-update-master\src\main\java\de\rwth\idsg\steve\service\dto\EnhancedReserveNowParams.java
C:\Users\FIRST CALL\Downloads\test-update-master\test-update-master\src\main\java\de\rwth\idsg\steve\service\dto\EnhancedSetChargingProfileParams.java
C:\Users\FIRST CALL\Downloads\test-update-master\test-update-master\src\main\java\de\rwth\idsg\steve\service\dto\FareBreakdownDTO.java
C:\Users\FIRST CALL\Downloads\test-update-master\test-update-master\src\main\java\de\rwth\idsg\steve\service\dto\LiveChargingResponse.java
C:\Users\FIRST CALL\Downloads\test-update-master\test-update-master\src\main\java\de\rwth\idsg\steve\service\dto\LiveChargingRuntimeData.java
C:\Users\FIRST CALL\Downloads\test-update-master\test-update-master\src\main\java\de\rwth\idsg\steve\service\dto\LiveTransactionDTO.java
C:\Users\FIRST CALL\Downloads\test-update-master\test-update-master\src\main\java\de\rwth\idsg\steve\service\dto\NewChargePointDTO.java
C:\Users\FIRST CALL\Downloads\test-update-master\test-update-master\src\main\java\de\rwth\idsg\steve\service\dto\NewUserVehicleDTO.java
C:\Users\FIRST CALL\Downloads\test-update-master\test-update-master\src\main\java\de\rwth\idsg\steve\service\dto\RefundAmountAfterTransactionSend.java
C:\Users\FIRST CALL\Downloads\test-update-master\test-update-master\src\main\java\de\rwth\idsg\steve\service\dto\RefundAmountAfterTransactionSendResponse.java
C:\Users\FIRST CALL\Downloads\test-update-master\test-update-master\src\main\java\de\rwth\idsg\steve\service\dto\RefundAmountDTO.java
C:\Users\FIRST CALL\Downloads\test-update-master\test-update-master\src\main\java\de\rwth\idsg\steve\service\dto\Tariff.java
C:\Users\FIRST CALL\Downloads\test-update-master\test-update-master\src\main\java\de\rwth\idsg\steve\service\dto\TariffResponse.java
C:\Users\FIRST CALL\Downloads\test-update-master\test-update-master\src\main\java\de\rwth\idsg\steve\service\dto\TransactionMeterValues.java
C:\Users\FIRST CALL\Downloads\test-update-master\test-update-master\src\main\java\de\rwth\idsg\steve\service\dto\UnidentifiedIncomingObject.java
C:\Users\FIRST CALL\Downloads\test-update-master\test-update-master\src\main\java\de\rwth\idsg\steve\service\dto\UserDTO.java
C:\Users\FIRST CALL\Downloads\test-update-master\test-update-master\src\main\java\de\rwth\idsg\steve\service\dto\VehicleDTO.java
C:\Users\FIRST CALL\Downloads\test-update-master\test-update-master\src\main\java\de\rwth\idsg\steve\service\dto\VehileDTO.java
C:\Users\FIRST CALL\Downloads\test-update-master\test-update-master\src\main\java\de\rwth\idsg\steve\service\dto\WebSocketLog.java
C:\Users\FIRST CALL\Downloads\test-update-master\test-update-master\src\main\java\de\rwth\idsg\steve\service\DummyReleaseCheckService.java
C:\Users\FIRST CALL\Downloads\test-update-master\test-update-master\src\main\java\de\rwth\idsg\steve\service\ExtractMac.java
C:\Users\FIRST CALL\Downloads\test-update-master\test-update-master\src\main\java\de\rwth\idsg\steve\service\GithubReleaseCheckService.java
C:\Users\FIRST CALL\Downloads\test-update-master\test-update-master\src\main\java\de\rwth\idsg\steve\service\HomeService.java
C:\Users\FIRST CALL\Downloads\test-update-master\test-update-master\src\main\java\de\rwth\idsg\steve\service\LiveChargingData.java
C:\Users\FIRST CALL\Downloads\test-update-master\test-update-master\src\main\java\de\rwth\idsg\steve\service\LiveTransactionService.java
C:\Users\FIRST CALL\Downloads\test-update-master\test-update-master\src\main\java\de\rwth\idsg\steve\service\MailService.java
C:\Users\FIRST CALL\Downloads\test-update-master\test-update-master\src\main\java\de\rwth\idsg\steve\service\ManuallyStopTransaction.java
C:\Users\FIRST CALL\Downloads\test-update-master\test-update-master\src\main\java\de\rwth\idsg\steve\service\notification\OccpStationBooted.java
C:\Users\FIRST CALL\Downloads\test-update-master\test-update-master\src\main\java\de\rwth\idsg\steve\service\notification\OcppStationStatusFailure.java
C:\Users\FIRST CALL\Downloads\test-update-master\test-update-master\src\main\java\de\rwth\idsg\steve\service\notification\OcppStationWebSocketConnected.java
C:\Users\FIRST CALL\Downloads\test-update-master\test-update-master\src\main\java\de\rwth\idsg\steve\service\notification\OcppStationWebSocketDisconnected.java
C:\Users\FIRST CALL\Downloads\test-update-master\test-update-master\src\main\java\de\rwth\idsg\steve\service\notification\OcppTransactionEnded.java
C:\Users\FIRST CALL\Downloads\test-update-master\test-update-master\src\main\java\de\rwth\idsg\steve\service\notification\OcppTransactionStarted.java
C:\Users\FIRST CALL\Downloads\test-update-master\test-update-master\src\main\java\de\rwth\idsg\steve\service\NotificationService.java
C:\Users\FIRST CALL\Downloads\test-update-master\test-update-master\src\main\java\de\rwth\idsg\steve\service\OcppTagService.java
C:\Users\FIRST CALL\Downloads\test-update-master\test-update-master\src\main\java\de\rwth\idsg\steve\service\RazorpayRefundService.java
C:\Users\FIRST CALL\Downloads\test-update-master\test-update-master\src\main\java\de\rwth\idsg\steve\service\ReasonRetrieveService.java
C:\Users\FIRST CALL\Downloads\test-update-master\test-update-master\src\main\java\de\rwth\idsg\steve\service\ReleaseCheckService.java
C:\Users\FIRST CALL\Downloads\test-update-master\test-update-master\src\main\java\de\rwth\idsg\steve\service\remote\OcppRemoteCommandExecutor.java
C:\Users\FIRST CALL\Downloads\test-update-master\test-update-master\src\main\java\de\rwth\idsg\steve\service\ResponseDTO.java
C:\Users\FIRST CALL\Downloads\test-update-master\test-update-master\src\main\java\de\rwth\idsg\steve\service\RetrieveTransactionMeterValues.java
C:\Users\FIRST CALL\Downloads\test-update-master\test-update-master\src\main\java\de\rwth\idsg\steve\service\ScheduleChargingService.java
C:\Users\FIRST CALL\Downloads\test-update-master\test-update-master\src\main\java\de\rwth\idsg\steve\service\TariffAmountCalculation.java
C:\Users\FIRST CALL\Downloads\test-update-master\test-update-master\src\main\java\de\rwth\idsg\steve\service\TestAppService.java
C:\Users\FIRST CALL\Downloads\test-update-master\test-update-master\src\main\java\de\rwth\idsg\steve\service\TestChargingData.java
C:\Users\FIRST CALL\Downloads\test-update-master\test-update-master\src\main\java\de\rwth\idsg\steve\service\testmobiledto\ChargingHistoryDTO.java
C:\Users\FIRST CALL\Downloads\test-update-master\test-update-master\src\main\java\de\rwth\idsg\steve\service\testmobiledto\ChargingSessionSummaryDTO.java
C:\Users\FIRST CALL\Downloads\test-update-master\test-update-master\src\main\java\de\rwth\idsg\steve\service\testmobiledto\ConnectorStatus.java
C:\Users\FIRST CALL\Downloads\test-update-master\test-update-master\src\main\java\de\rwth\idsg\steve\service\testmobiledto\LiveChargingDataResponseDTO.java
C:\Users\FIRST CALL\Downloads\test-update-master\test-update-master\src\main\java\de\rwth\idsg\steve\service\testmobiledto\PowerAndSocGraphResponseDTO.java
C:\Users\FIRST CALL\Downloads\test-update-master\test-update-master\src\main\java\de\rwth\idsg\steve\service\testmobiledto\ResponseDTO.java
C:\Users\FIRST CALL\Downloads\test-update-master\test-update-master\src\main\java\de\rwth\idsg\steve\service\testmobiledto\StartTransactionResponseDTO.java
C:\Users\FIRST CALL\Downloads\test-update-master\test-update-master\src\main\java\de\rwth\idsg\steve\service\testmobiledto\StatusNotificationEnum.java
C:\Users\FIRST CALL\Downloads\test-update-master\test-update-master\src\main\java\de\rwth\idsg\steve\service\testmobiledto\StopTransactionResponseDTO.java
C:\Users\FIRST CALL\Downloads\test-update-master\test-update-master\src\main\java\de\rwth\idsg\steve\service\TransactionStopService.java
C:\Users\FIRST CALL\Downloads\test-update-master\test-update-master\src\main\java\de\rwth\idsg\steve\service\TransportErrorService.java
C:\Users\FIRST CALL\Downloads\test-update-master\test-update-master\src\main\java\de\rwth\idsg\steve\service\UnidentifiedIncomingObjectService.java
C:\Users\FIRST CALL\Downloads\test-update-master\test-update-master\src\main\java\de\rwth\idsg\steve\service\WalletTrackSettlementService.java
C:\Users\FIRST CALL\Downloads\test-update-master\test-update-master\src\main\java\de\rwth\idsg\steve\service\WebSocketLogParser.java
C:\Users\FIRST CALL\Downloads\test-update-master\test-update-master\src\main\java\de\rwth\idsg\steve\SteveAppContext.java
C:\Users\FIRST CALL\Downloads\test-update-master\test-update-master\src\main\java\de\rwth\idsg\steve\SteveConfiguration.java
C:\Users\FIRST CALL\Downloads\test-update-master\test-update-master\src\main\java\de\rwth\idsg\steve\SteveDevStarter.java
C:\Users\FIRST CALL\Downloads\test-update-master\test-update-master\src\main\java\de\rwth\idsg\steve\SteveException.java
C:\Users\FIRST CALL\Downloads\test-update-master\test-update-master\src\main\java\de\rwth\idsg\steve\SteveProdCondition.java
C:\Users\FIRST CALL\Downloads\test-update-master\test-update-master\src\main\java\de\rwth\idsg\steve\SteveProdStarter.java
C:\Users\FIRST CALL\Downloads\test-update-master\test-update-master\src\main\java\de\rwth\idsg\steve\utils\ConnectorStatusCountFilter.java
C:\Users\FIRST CALL\Downloads\test-update-master\test-update-master\src\main\java\de\rwth\idsg\steve\utils\ConnectorStatusFilter.java
C:\Users\FIRST CALL\Downloads\test-update-master\test-update-master\src\main\java\de\rwth\idsg\steve\utils\ControllerHelper.java
C:\Users\FIRST CALL\Downloads\test-update-master\test-update-master\src\main\java\de\rwth\idsg\steve\utils\CountryCodesProvider.java
C:\Users\FIRST CALL\Downloads\test-update-master\test-update-master\src\main\java\de\rwth\idsg\steve\utils\CustomDSL.java
C:\Users\FIRST CALL\Downloads\test-update-master\test-update-master\src\main\java\de\rwth\idsg\steve\utils\DateConverter.java
C:\Users\FIRST CALL\Downloads\test-update-master\test-update-master\src\main\java\de\rwth\idsg\steve\utils\DateTimeConverter.java
C:\Users\FIRST CALL\Downloads\test-update-master\test-update-master\src\main\java\de\rwth\idsg\steve\utils\DateTimeUtils.java
C:\Users\FIRST CALL\Downloads\test-update-master\test-update-master\src\main\java\de\rwth\idsg\steve\utils\InternetChecker.java
C:\Users\FIRST CALL\Downloads\test-update-master\test-update-master\src\main\java\de\rwth\idsg\steve\utils\LogFileRetriever.java
C:\Users\FIRST CALL\Downloads\test-update-master\test-update-master\src\main\java\de\rwth\idsg\steve\utils\mapper\AddressMapper.java
C:\Users\FIRST CALL\Downloads\test-update-master\test-update-master\src\main\java\de\rwth\idsg\steve\utils\mapper\ChargePointDetailsMapper.java
C:\Users\FIRST CALL\Downloads\test-update-master\test-update-master\src\main\java\de\rwth\idsg\steve\utils\mapper\ChargingProfileDetailsMapper.java
C:\Users\FIRST CALL\Downloads\test-update-master\test-update-master\src\main\java\de\rwth\idsg\steve\utils\mapper\OcppTagFormMapper.java
C:\Users\FIRST CALL\Downloads\test-update-master\test-update-master\src\main\java\de\rwth\idsg\steve\utils\mapper\UserFormMapper.java
C:\Users\FIRST CALL\Downloads\test-update-master\test-update-master\src\main\java\de\rwth\idsg\steve\utils\OcppTagActivityRecordUtils.java
C:\Users\FIRST CALL\Downloads\test-update-master\test-update-master\src\main\java\de\rwth\idsg\steve\utils\PropertiesFileLoader.java
C:\Users\FIRST CALL\Downloads\test-update-master\test-update-master\src\main\java\de\rwth\idsg\steve\utils\StringUtils.java
C:\Users\FIRST CALL\Downloads\test-update-master\test-update-master\src\main\java\de\rwth\idsg\steve\utils\TransactionStopServiceHelper.java
C:\Users\FIRST CALL\Downloads\test-update-master\test-update-master\src\main\java\de\rwth\idsg\steve\web\api\ApiControllerAdvice.java
C:\Users\FIRST CALL\Downloads\test-update-master\test-update-master\src\main\java\de\rwth\idsg\steve\web\api\exception\BadRequestException.java
C:\Users\FIRST CALL\Downloads\test-update-master\test-update-master\src\main\java\de\rwth\idsg\steve\web\api\OcppTagsRestController.java
C:\Users\FIRST CALL\Downloads\test-update-master\test-update-master\src\main\java\de\rwth\idsg\steve\web\api\TransactionsRestController.java
C:\Users\FIRST CALL\Downloads\test-update-master\test-update-master\src\main\java\de\rwth\idsg\steve\web\BatchInsertConverter.java
C:\Users\FIRST CALL\Downloads\test-update-master\test-update-master\src\main\java\de\rwth\idsg\steve\web\ChargePointSelectEditor.java
C:\Users\FIRST CALL\Downloads\test-update-master\test-update-master\src\main\java\de\rwth\idsg\steve\web\controller\AboutSettingsController.java
C:\Users\FIRST CALL\Downloads\test-update-master\test-update-master\src\main\java\de\rwth\idsg\steve\web\controller\AjaxCallController.java
C:\Users\FIRST CALL\Downloads\test-update-master\test-update-master\src\main\java\de\rwth\idsg\steve\web\controller\ChargePointsController.java
C:\Users\FIRST CALL\Downloads\test-update-master\test-update-master\src\main\java\de\rwth\idsg\steve\web\controller\ChargerServerStausController.java
C:\Users\FIRST CALL\Downloads\test-update-master\test-update-master\src\main\java\de\rwth\idsg\steve\web\controller\ChargingProfilesController.java
C:\Users\FIRST CALL\Downloads\test-update-master\test-update-master\src\main\java\de\rwth\idsg\steve\web\controller\HomeController.java
C:\Users\FIRST CALL\Downloads\test-update-master\test-update-master\src\main\java\de\rwth\idsg\steve\web\controller\LiveChargingController.java
C:\Users\FIRST CALL\Downloads\test-update-master\test-update-master\src\main\java\de\rwth\idsg\steve\web\controller\LogController.java
C:\Users\FIRST CALL\Downloads\test-update-master\test-update-master\src\main\java\de\rwth\idsg\steve\web\controller\Ocpp12Controller.java
C:\Users\FIRST CALL\Downloads\test-update-master\test-update-master\src\main\java\de\rwth\idsg\steve\web\controller\Ocpp15Controller.java
C:\Users\FIRST CALL\Downloads\test-update-master\test-update-master\src\main\java\de\rwth\idsg\steve\web\controller\Ocpp16Controller.java
C:\Users\FIRST CALL\Downloads\test-update-master\test-update-master\src\main\java\de\rwth\idsg\steve\web\controller\OcppTagsController.java
C:\Users\FIRST CALL\Downloads\test-update-master\test-update-master\src\main\java\de\rwth\idsg\steve\web\controller\PaymentController.java
C:\Users\FIRST CALL\Downloads\test-update-master\test-update-master\src\main\java\de\rwth\idsg\steve\web\controller\RemoteStartController.java
C:\Users\FIRST CALL\Downloads\test-update-master\test-update-master\src\main\java\de\rwth\idsg\steve\web\controller\SignOutController.java
C:\Users\FIRST CALL\Downloads\test-update-master\test-update-master\src\main\java\de\rwth\idsg\steve\web\controller\TaskController.java
C:\Users\FIRST CALL\Downloads\test-update-master\test-update-master\src\main\java\de\rwth\idsg\steve\web\controller\TestAppController.java
C:\Users\FIRST CALL\Downloads\test-update-master\test-update-master\src\main\java\de\rwth\idsg\steve\web\controller\TransactionsReservationsController.java
C:\Users\FIRST CALL\Downloads\test-update-master\test-update-master\src\main\java\de\rwth\idsg\steve\web\controller\UsersController.java
C:\Users\FIRST CALL\Downloads\test-update-master\test-update-master\src\main\java\de\rwth\idsg\steve\web\controller\VehicleController.java
C:\Users\FIRST CALL\Downloads\test-update-master\test-update-master\src\main\java\de\rwth\idsg\steve\web\controller\VehicleEnableAutoCharge.java
C:\Users\FIRST CALL\Downloads\test-update-master\test-update-master\src\main\java\de\rwth\idsg\steve\web\controller\WalletTrackSettlementController.java
C:\Users\FIRST CALL\Downloads\test-update-master\test-update-master\src\main\java\de\rwth\idsg\steve\web\dto\Address.java
C:\Users\FIRST CALL\Downloads\test-update-master\test-update-master\src\main\java\de\rwth\idsg\steve\web\dto\ApiResponseDTO.java
C:\Users\FIRST CALL\Downloads\test-update-master\test-update-master\src\main\java\de\rwth\idsg\steve\web\dto\AutoChargeResponse.java
C:\Users\FIRST CALL\Downloads\test-update-master\test-update-master\src\main\java\de\rwth\idsg\steve\web\dto\ChargePointBatchInsertForm.java
C:\Users\FIRST CALL\Downloads\test-update-master\test-update-master\src\main\java\de\rwth\idsg\steve\web\dto\ChargePointForm.java
C:\Users\FIRST CALL\Downloads\test-update-master\test-update-master\src\main\java\de\rwth\idsg\steve\web\dto\ChargePointQueryForm.java
C:\Users\FIRST CALL\Downloads\test-update-master\test-update-master\src\main\java\de\rwth\idsg\steve\web\dto\ChargingProfileAssignmentQueryForm.java
C:\Users\FIRST CALL\Downloads\test-update-master\test-update-master\src\main\java\de\rwth\idsg\steve\web\dto\ChargingProfileForm.java
C:\Users\FIRST CALL\Downloads\test-update-master\test-update-master\src\main\java\de\rwth\idsg\steve\web\dto\ChargingProfileQueryForm.java
C:\Users\FIRST CALL\Downloads\test-update-master\test-update-master\src\main\java\de\rwth\idsg\steve\web\dto\ConnectorStatusForm.java
C:\Users\FIRST CALL\Downloads\test-update-master\test-update-master\src\main\java\de\rwth\idsg\steve\web\dto\EndpointInfo.java
C:\Users\FIRST CALL\Downloads\test-update-master\test-update-master\src\main\java\de\rwth\idsg\steve\web\dto\LiveChargingApiResponse.java
C:\Users\FIRST CALL\Downloads\test-update-master\test-update-master\src\main\java\de\rwth\idsg\steve\web\dto\ocpp\AvailabilityType.java
C:\Users\FIRST CALL\Downloads\test-update-master\test-update-master\src\main\java\de\rwth\idsg\steve\web\dto\ocpp\CancelReservationParams.java
C:\Users\FIRST CALL\Downloads\test-update-master\test-update-master\src\main\java\de\rwth\idsg\steve\web\dto\ocpp\ChangeAvailabilityParams.java
C:\Users\FIRST CALL\Downloads\test-update-master\test-update-master\src\main\java\de\rwth\idsg\steve\web\dto\ocpp\ChangeConfigurationParams.java
C:\Users\FIRST CALL\Downloads\test-update-master\test-update-master\src\main\java\de\rwth\idsg\steve\web\dto\ocpp\ChargePointSelection.java
C:\Users\FIRST CALL\Downloads\test-update-master\test-update-master\src\main\java\de\rwth\idsg\steve\web\dto\ocpp\ClearChargingProfileFilterType.java
C:\Users\FIRST CALL\Downloads\test-update-master\test-update-master\src\main\java\de\rwth\idsg\steve\web\dto\ocpp\ClearChargingProfileParams.java
C:\Users\FIRST CALL\Downloads\test-update-master\test-update-master\src\main\java\de\rwth\idsg\steve\web\dto\ocpp\ConfigurationKeyEnum.java
C:\Users\FIRST CALL\Downloads\test-update-master\test-update-master\src\main\java\de\rwth\idsg\steve\web\dto\ocpp\ConfigurationKeyReadWriteEnum.java
C:\Users\FIRST CALL\Downloads\test-update-master\test-update-master\src\main\java\de\rwth\idsg\steve\web\dto\ocpp\DataTransferParams.java
C:\Users\FIRST CALL\Downloads\test-update-master\test-update-master\src\main\java\de\rwth\idsg\steve\web\dto\ocpp\GetCompositeScheduleParams.java
C:\Users\FIRST CALL\Downloads\test-update-master\test-update-master\src\main\java\de\rwth\idsg\steve\web\dto\ocpp\GetConfigurationParams.java
C:\Users\FIRST CALL\Downloads\test-update-master\test-update-master\src\main\java\de\rwth\idsg\steve\web\dto\ocpp\GetDiagnosticsParams.java
C:\Users\FIRST CALL\Downloads\test-update-master\test-update-master\src\main\java\de\rwth\idsg\steve\web\dto\ocpp\MultipleChargePointSelect.java
C:\Users\FIRST CALL\Downloads\test-update-master\test-update-master\src\main\java\de\rwth\idsg\steve\web\dto\ocpp\RemoteStartSendUnit.java
C:\Users\FIRST CALL\Downloads\test-update-master\test-update-master\src\main\java\de\rwth\idsg\steve\web\dto\ocpp\RemoteStartTransactionParams.java
C:\Users\FIRST CALL\Downloads\test-update-master\test-update-master\src\main\java\de\rwth\idsg\steve\web\dto\ocpp\RemoteStopTransactionParams.java
C:\Users\FIRST CALL\Downloads\test-update-master\test-update-master\src\main\java\de\rwth\idsg\steve\web\dto\ocpp\ReserveNowParams.java
C:\Users\FIRST CALL\Downloads\test-update-master\test-update-master\src\main\java\de\rwth\idsg\steve\web\dto\ocpp\ResetParams.java
C:\Users\FIRST CALL\Downloads\test-update-master\test-update-master\src\main\java\de\rwth\idsg\steve\web\dto\ocpp\ResetType.java
C:\Users\FIRST CALL\Downloads\test-update-master\test-update-master\src\main\java\de\rwth\idsg\steve\web\dto\ocpp\SendLocalListParams.java
C:\Users\FIRST CALL\Downloads\test-update-master\test-update-master\src\main\java\de\rwth\idsg\steve\web\dto\ocpp\SendLocalListUpdateType.java
C:\Users\FIRST CALL\Downloads\test-update-master\test-update-master\src\main\java\de\rwth\idsg\steve\web\dto\ocpp\SetChargingProfileParams.java
C:\Users\FIRST CALL\Downloads\test-update-master\test-update-master\src\main\java\de\rwth\idsg\steve\web\dto\ocpp\SingleChargePointSelect.java
C:\Users\FIRST CALL\Downloads\test-update-master\test-update-master\src\main\java\de\rwth\idsg\steve\web\dto\ocpp\TriggerMessageEnum.java
C:\Users\FIRST CALL\Downloads\test-update-master\test-update-master\src\main\java\de\rwth\idsg\steve\web\dto\ocpp\TriggerMessageParams.java
C:\Users\FIRST CALL\Downloads\test-update-master\test-update-master\src\main\java\de\rwth\idsg\steve\web\dto\ocpp\UnlockConnectorParams.java
C:\Users\FIRST CALL\Downloads\test-update-master\test-update-master\src\main\java\de\rwth\idsg\steve\web\dto\ocpp\UpdateFirmwareParams.java
C:\Users\FIRST CALL\Downloads\test-update-master\test-update-master\src\main\java\de\rwth\idsg\steve\web\dto\OcppJsonStatus.java
C:\Users\FIRST CALL\Downloads\test-update-master\test-update-master\src\main\java\de\rwth\idsg\steve\web\dto\OcppTagBatchInsertForm.java
C:\Users\FIRST CALL\Downloads\test-update-master\test-update-master\src\main\java\de\rwth\idsg\steve\web\dto\OcppTagForm.java
C:\Users\FIRST CALL\Downloads\test-update-master\test-update-master\src\main\java\de\rwth\idsg\steve\web\dto\OcppTagQueryForm.java
C:\Users\FIRST CALL\Downloads\test-update-master\test-update-master\src\main\java\de\rwth\idsg\steve\web\dto\PaymentRequest.java
C:\Users\FIRST CALL\Downloads\test-update-master\test-update-master\src\main\java\de\rwth\idsg\steve\web\dto\PaymentStartResponse.java
C:\Users\FIRST CALL\Downloads\test-update-master\test-update-master\src\main\java\de\rwth\idsg\steve\web\dto\QueryForm.java
C:\Users\FIRST CALL\Downloads\test-update-master\test-update-master\src\main\java\de\rwth\idsg\steve\web\dto\ReleaseReport.java
C:\Users\FIRST CALL\Downloads\test-update-master\test-update-master\src\main\java\de\rwth\idsg\steve\web\dto\ReleaseResponse.java
C:\Users\FIRST CALL\Downloads\test-update-master\test-update-master\src\main\java\de\rwth\idsg\steve\web\dto\RemoteStartDTO.java
C:\Users\FIRST CALL\Downloads\test-update-master\test-update-master\src\main\java\de\rwth\idsg\steve\web\dto\RemoteStartMessage.java
C:\Users\FIRST CALL\Downloads\test-update-master\test-update-master\src\main\java\de\rwth\idsg\steve\web\dto\RemoteStartResponse.java
C:\Users\FIRST CALL\Downloads\test-update-master\test-update-master\src\main\java\de\rwth\idsg\steve\web\dto\ReservationQueryForm.java
C:\Users\FIRST CALL\Downloads\test-update-master\test-update-master\src\main\java\de\rwth\idsg\steve\web\dto\ResponseDTO.java
C:\Users\FIRST CALL\Downloads\test-update-master\test-update-master\src\main\java\de\rwth\idsg\steve\web\dto\ServerChargerCountResponse.java
C:\Users\FIRST CALL\Downloads\test-update-master\test-update-master\src\main\java\de\rwth\idsg\steve\web\dto\SettingsForm.java
C:\Users\FIRST CALL\Downloads\test-update-master\test-update-master\src\main\java\de\rwth\idsg\steve\web\dto\Statistics.java
C:\Users\FIRST CALL\Downloads\test-update-master\test-update-master\src\main\java\de\rwth\idsg\steve\web\dto\TransactionQueryForm.java
C:\Users\FIRST CALL\Downloads\test-update-master\test-update-master\src\main\java\de\rwth\idsg\steve\web\dto\UserForm.java
C:\Users\FIRST CALL\Downloads\test-update-master\test-update-master\src\main\java\de\rwth\idsg\steve\web\dto\UserQueryForm.java
C:\Users\FIRST CALL\Downloads\test-update-master\test-update-master\src\main\java\de\rwth\idsg\steve\web\dto\UserSex.java
C:\Users\FIRST CALL\Downloads\test-update-master\test-update-master\src\main\java\de\rwth\idsg\steve\web\dto\WalletSettlementDTO.java
C:\Users\FIRST CALL\Downloads\test-update-master\test-update-master\src\main\java\de\rwth\idsg\steve\web\GlobalControllerAdvice.java
C:\Users\FIRST CALL\Downloads\test-update-master\test-update-master\src\main\java\de\rwth\idsg\steve\web\LocalDateEditor.java
C:\Users\FIRST CALL\Downloads\test-update-master\test-update-master\src\main\java\de\rwth\idsg\steve\web\LocalDateTimeEditor.java
C:\Users\FIRST CALL\Downloads\test-update-master\test-update-master\src\main\java\de\rwth\idsg\steve\web\validation\ChargeBoxId.java
C:\Users\FIRST CALL\Downloads\test-update-master\test-update-master\src\main\java\de\rwth\idsg\steve\web\validation\ChargeBoxIdListValidator.java
C:\Users\FIRST CALL\Downloads\test-update-master\test-update-master\src\main\java\de\rwth\idsg\steve\web\validation\ChargeBoxIdValidator.java
C:\Users\FIRST CALL\Downloads\test-update-master\test-update-master\src\main\java\de\rwth\idsg\steve\web\validation\EmailCollection.java
C:\Users\FIRST CALL\Downloads\test-update-master\test-update-master\src\main\java\de\rwth\idsg\steve\web\validation\EmailCollectionValidator.java
C:\Users\FIRST CALL\Downloads\test-update-master\test-update-master\src\main\java\de\rwth\idsg\steve\web\validation\IdTag.java
C:\Users\FIRST CALL\Downloads\test-update-master\test-update-master\src\main\java\de\rwth\idsg\steve\web\validation\IdTagListValidator.java
C:\Users\FIRST CALL\Downloads\test-update-master\test-update-master\src\main\java\de\rwth\idsg\steve\web\validation\IdTagValidator.java
C:\Users\FIRST CALL\Downloads\test-update-master\test-update-master\target\generated-sources\jooq\steve\db2\DefaultCatalog.java
C:\Users\FIRST CALL\Downloads\test-update-master\test-update-master\target\generated-sources\jooq\steve\db2\EvHistory.java
C:\Users\FIRST CALL\Downloads\test-update-master\test-update-master\target\generated-sources\jooq\steve\db2\Indexes.java
C:\Users\FIRST CALL\Downloads\test-update-master\test-update-master\target\generated-sources\jooq\steve\db2\Keys.java
C:\Users\FIRST CALL\Downloads\test-update-master\test-update-master\target\generated-sources\jooq\steve\db2\Tables.java
C:\Users\FIRST CALL\Downloads\test-update-master\test-update-master\target\generated-sources\jooq\steve\db2\tables\ChargeboxStatus.java
C:\Users\FIRST CALL\Downloads\test-update-master\test-update-master\target\generated-sources\jooq\steve\db2\tables\ChargerConnectorStatusLog.java
C:\Users\FIRST CALL\Downloads\test-update-master\test-update-master\target\generated-sources\jooq\steve\db2\tables\ChargerStatus.java
C:\Users\FIRST CALL\Downloads\test-update-master\test-update-master\target\generated-sources\jooq\steve\db2\tables\DealerSettlementSlab.java
C:\Users\FIRST CALL\Downloads\test-update-master\test-update-master\target\generated-sources\jooq\steve\db2\tables\LiveChargingData.java
C:\Users\FIRST CALL\Downloads\test-update-master\test-update-master\target\generated-sources\jooq\steve\db2\tables\LiveFullDetails.java
C:\Users\FIRST CALL\Downloads\test-update-master\test-update-master\target\generated-sources\jooq\steve\db2\tables\LiveTransactionDetails.java
C:\Users\FIRST CALL\Downloads\test-update-master\test-update-master\target\generated-sources\jooq\steve\db2\tables\records\ChargeboxStatusRecord.java
C:\Users\FIRST CALL\Downloads\test-update-master\test-update-master\target\generated-sources\jooq\steve\db2\tables\records\ChargerConnectorStatusLogRecord.java
C:\Users\FIRST CALL\Downloads\test-update-master\test-update-master\target\generated-sources\jooq\steve\db2\tables\records\ChargerStatusRecord.java
C:\Users\FIRST CALL\Downloads\test-update-master\test-update-master\target\generated-sources\jooq\steve\db2\tables\records\DealerSettlementSlabRecord.java
C:\Users\FIRST CALL\Downloads\test-update-master\test-update-master\target\generated-sources\jooq\steve\db2\tables\records\LiveChargingDataRecord.java
C:\Users\FIRST CALL\Downloads\test-update-master\test-update-master\target\generated-sources\jooq\steve\db2\tables\records\LiveFullDetailsRecord.java
C:\Users\FIRST CALL\Downloads\test-update-master\test-update-master\target\generated-sources\jooq\steve\db2\tables\records\LiveTransactionDetailsRecord.java
C:\Users\FIRST CALL\Downloads\test-update-master\test-update-master\target\generated-sources\jooq\steve\db2\tables\records\SchemaVersion2Record.java
C:\Users\FIRST CALL\Downloads\test-update-master\test-update-master\target\generated-sources\jooq\steve\db2\tables\records\WalletTrackRecord.java
C:\Users\FIRST CALL\Downloads\test-update-master\test-update-master\target\generated-sources\jooq\steve\db2\tables\records\WalletTrackSettlementNewRecord.java
C:\Users\FIRST CALL\Downloads\test-update-master\test-update-master\target\generated-sources\jooq\steve\db2\tables\records\WalletTrackSettlementRecord.java
C:\Users\FIRST CALL\Downloads\test-update-master\test-update-master\target\generated-sources\jooq\steve\db2\tables\SchemaVersion2.java
C:\Users\FIRST CALL\Downloads\test-update-master\test-update-master\target\generated-sources\jooq\steve\db2\tables\WalletTrack.java
C:\Users\FIRST CALL\Downloads\test-update-master\test-update-master\target\generated-sources\jooq\steve\db2\tables\WalletTrackSettlement.java
C:\Users\FIRST CALL\Downloads\test-update-master\test-update-master\target\generated-sources\jooq\steve\db2\tables\WalletTrackSettlementNew.java
C:\Users\FIRST CALL\Downloads\test-update-master\test-update-master\target\generated-sources\jooq\steve\db\DefaultCatalog.java
C:\Users\FIRST CALL\Downloads\test-update-master\test-update-master\target\generated-sources\jooq\steve\db\enums\TransactionStopEventActor.java
C:\Users\FIRST CALL\Downloads\test-update-master\test-update-master\target\generated-sources\jooq\steve\db\enums\TransactionStopFailedEventActor.java
C:\Users\FIRST CALL\Downloads\test-update-master\test-update-master\target\generated-sources\jooq\steve\db\Indexes.java
C:\Users\FIRST CALL\Downloads\test-update-master\test-update-master\target\generated-sources\jooq\steve\db\Keys.java
C:\Users\FIRST CALL\Downloads\test-update-master\test-update-master\target\generated-sources\jooq\steve\db\Stevedb.java
C:\Users\FIRST CALL\Downloads\test-update-master\test-update-master\target\generated-sources\jooq\steve\db\Tables.java
C:\Users\FIRST CALL\Downloads\test-update-master\test-update-master\target\generated-sources\jooq\steve\db\tables\Address.java
C:\Users\FIRST CALL\Downloads\test-update-master\test-update-master\target\generated-sources\jooq\steve\db\tables\ChargeBox.java
C:\Users\FIRST CALL\Downloads\test-update-master\test-update-master\target\generated-sources\jooq\steve\db\tables\ChargerServer.java
C:\Users\FIRST CALL\Downloads\test-update-master\test-update-master\target\generated-sources\jooq\steve\db\tables\ChargingFeeExemptChargebox.java
C:\Users\FIRST CALL\Downloads\test-update-master\test-update-master\target\generated-sources\jooq\steve\db\tables\ChargingProfile.java
C:\Users\FIRST CALL\Downloads\test-update-master\test-update-master\target\generated-sources\jooq\steve\db\tables\ChargingSchedulePeriod.java
C:\Users\FIRST CALL\Downloads\test-update-master\test-update-master\target\generated-sources\jooq\steve\db\tables\Connector.java
C:\Users\FIRST CALL\Downloads\test-update-master\test-update-master\target\generated-sources\jooq\steve\db\tables\ConnectorChargingProfile.java
C:\Users\FIRST CALL\Downloads\test-update-master\test-update-master\target\generated-sources\jooq\steve\db\tables\ConnectorMeterValue.java
C:\Users\FIRST CALL\Downloads\test-update-master\test-update-master\target\generated-sources\jooq\steve\db\tables\ConnectorStatus.java
C:\Users\FIRST CALL\Downloads\test-update-master\test-update-master\target\generated-sources\jooq\steve\db\tables\OcppTag.java
C:\Users\FIRST CALL\Downloads\test-update-master\test-update-master\target\generated-sources\jooq\steve\db\tables\OcppTagActivity.java
C:\Users\FIRST CALL\Downloads\test-update-master\test-update-master\target\generated-sources\jooq\steve\db\tables\PaymentRequest.java
C:\Users\FIRST CALL\Downloads\test-update-master\test-update-master\target\generated-sources\jooq\steve\db\tables\records\AddressRecord.java
C:\Users\FIRST CALL\Downloads\test-update-master\test-update-master\target\generated-sources\jooq\steve\db\tables\records\ChargeBoxRecord.java
C:\Users\FIRST CALL\Downloads\test-update-master\test-update-master\target\generated-sources\jooq\steve\db\tables\records\ChargerServerRecord.java
C:\Users\FIRST CALL\Downloads\test-update-master\test-update-master\target\generated-sources\jooq\steve\db\tables\records\ChargingFeeExemptChargeboxRecord.java
C:\Users\FIRST CALL\Downloads\test-update-master\test-update-master\target\generated-sources\jooq\steve\db\tables\records\ChargingProfileRecord.java
C:\Users\FIRST CALL\Downloads\test-update-master\test-update-master\target\generated-sources\jooq\steve\db\tables\records\ChargingSchedulePeriodRecord.java
C:\Users\FIRST CALL\Downloads\test-update-master\test-update-master\target\generated-sources\jooq\steve\db\tables\records\ConnectorChargingProfileRecord.java
C:\Users\FIRST CALL\Downloads\test-update-master\test-update-master\target\generated-sources\jooq\steve\db\tables\records\ConnectorMeterValueRecord.java
C:\Users\FIRST CALL\Downloads\test-update-master\test-update-master\target\generated-sources\jooq\steve\db\tables\records\ConnectorRecord.java
C:\Users\FIRST CALL\Downloads\test-update-master\test-update-master\target\generated-sources\jooq\steve\db\tables\records\ConnectorStatusRecord.java
C:\Users\FIRST CALL\Downloads\test-update-master\test-update-master\target\generated-sources\jooq\steve\db\tables\records\OcppTagActivityRecord.java
C:\Users\FIRST CALL\Downloads\test-update-master\test-update-master\target\generated-sources\jooq\steve\db\tables\records\OcppTagRecord.java
C:\Users\FIRST CALL\Downloads\test-update-master\test-update-master\target\generated-sources\jooq\steve\db\tables\records\PaymentRequestRecord.java
C:\Users\FIRST CALL\Downloads\test-update-master\test-update-master\target\generated-sources\jooq\steve\db\tables\records\ReservationRecord.java
C:\Users\FIRST CALL\Downloads\test-update-master\test-update-master\target\generated-sources\jooq\steve\db\tables\records\RfidCardRecord.java
C:\Users\FIRST CALL\Downloads\test-update-master\test-update-master\target\generated-sources\jooq\steve\db\tables\records\ScheduleChargingRecord.java
C:\Users\FIRST CALL\Downloads\test-update-master\test-update-master\target\generated-sources\jooq\steve\db\tables\records\SchemaVersionRecord.java
C:\Users\FIRST CALL\Downloads\test-update-master\test-update-master\target\generated-sources\jooq\steve\db\tables\records\SettingsRecord.java
C:\Users\FIRST CALL\Downloads\test-update-master\test-update-master\target\generated-sources\jooq\steve\db\tables\records\TransactionMeterValuesRecord.java
C:\Users\FIRST CALL\Downloads\test-update-master\test-update-master\target\generated-sources\jooq\steve\db\tables\records\TransactionRecord.java
C:\Users\FIRST CALL\Downloads\test-update-master\test-update-master\target\generated-sources\jooq\steve\db\tables\records\TransactionStartRecord.java
C:\Users\FIRST CALL\Downloads\test-update-master\test-update-master\target\generated-sources\jooq\steve\db\tables\records\TransactionStopFailedRecord.java
C:\Users\FIRST CALL\Downloads\test-update-master\test-update-master\target\generated-sources\jooq\steve\db\tables\records\TransactionStopRecord.java
C:\Users\FIRST CALL\Downloads\test-update-master\test-update-master\target\generated-sources\jooq\steve\db\tables\records\UserRecord.java
C:\Users\FIRST CALL\Downloads\test-update-master\test-update-master\target\generated-sources\jooq\steve\db\tables\records\UserSessionAuditRecord.java
C:\Users\FIRST CALL\Downloads\test-update-master\test-update-master\target\generated-sources\jooq\steve\db\tables\records\VConnectorLast_10StatusRecord.java
C:\Users\FIRST CALL\Downloads\test-update-master\test-update-master\target\generated-sources\jooq\steve\db\tables\records\VehicleRecord.java
C:\Users\FIRST CALL\Downloads\test-update-master\test-update-master\target\generated-sources\jooq\steve\db\tables\records\WebsocketLogRecord.java
C:\Users\FIRST CALL\Downloads\test-update-master\test-update-master\target\generated-sources\jooq\steve\db\tables\Reservation.java
C:\Users\FIRST CALL\Downloads\test-update-master\test-update-master\target\generated-sources\jooq\steve\db\tables\RfidCard.java
C:\Users\FIRST CALL\Downloads\test-update-master\test-update-master\target\generated-sources\jooq\steve\db\tables\ScheduleCharging.java
C:\Users\FIRST CALL\Downloads\test-update-master\test-update-master\target\generated-sources\jooq\steve\db\tables\SchemaVersion.java
C:\Users\FIRST CALL\Downloads\test-update-master\test-update-master\target\generated-sources\jooq\steve\db\tables\Settings.java
C:\Users\FIRST CALL\Downloads\test-update-master\test-update-master\target\generated-sources\jooq\steve\db\tables\Transaction.java
C:\Users\FIRST CALL\Downloads\test-update-master\test-update-master\target\generated-sources\jooq\steve\db\tables\TransactionMeterValues.java
C:\Users\FIRST CALL\Downloads\test-update-master\test-update-master\target\generated-sources\jooq\steve\db\tables\TransactionStart.java
C:\Users\FIRST CALL\Downloads\test-update-master\test-update-master\target\generated-sources\jooq\steve\db\tables\TransactionStop.java
C:\Users\FIRST CALL\Downloads\test-update-master\test-update-master\target\generated-sources\jooq\steve\db\tables\TransactionStopFailed.java
C:\Users\FIRST CALL\Downloads\test-update-master\test-update-master\target\generated-sources\jooq\steve\db\tables\User.java
C:\Users\FIRST CALL\Downloads\test-update-master\test-update-master\target\generated-sources\jooq\steve\db\tables\UserSessionAudit.java
C:\Users\FIRST CALL\Downloads\test-update-master\test-update-master\target\generated-sources\jooq\steve\db\tables\VConnectorLast_10Status.java
C:\Users\FIRST CALL\Downloads\test-update-master\test-update-master\target\generated-sources\jooq\steve\db\tables\Vehicle.java
C:\Users\FIRST CALL\Downloads\test-update-master\test-update-master\target\generated-sources\jooq\steve\db\tables\WebsocketLog.java
